PS C:\Users> cd "C:\Users\81903"
PS C:\Users\81903> mkdir git_challenge


    ディレクトリ: C:\Users\81903


Mode                 LastWriteTime         Length Name
----                 -------------         ------ ----
d-----        2023/08/27     16:32                git_challenge


PS C:\Users\81903> cd git_challenge
PS C:\Users\81903\git_challenge> git init
Initialized empty Git repository in C:/Users/81903/git_challenge/.git/
PS C:\Users\81903\git_challenge> git add
Nothing specified, nothing added.
hint: Maybe you wanted to say 'git add .'?
hint: Turn this message off by running
hint: "git config advice.addEmptyPathspec false"
PS C:\Users\81903\git_challenge> git add hello_world
fatal: pathspec 'hello_world' did not match any files
PS C:\Users\81903\git_challenge> git commit -m"1回目のコミット"
On branch master

Initial commit

Untracked files:
  (use "git add <file>..." to include in what will be committed)
        hello_world.txt

nothing added to commit but untracked files present (use "git add" to track)
PS C:\Users\81903\git_challenge> git add hello_world
fatal: pathspec 'hello_world' did not match any files
PS C:\Users\81903\git_challenge> git commmit -m"2回目のコミット"
git: 'commmit' is not a git command. See 'git --help'.

The most similar command is
        commit
PS C:\Users\81903\git_challenge> git log
fatal: your current branch 'master' does not have any commits yet
PS C:\Users\81903\git_challenge> git status
On branch master

No commits yet

Untracked files:
  (use "git add <file>..." to include in what will be committed)
        hello_world.txt

nothing added to commit but untracked files present (use "git add" to track)
PS C:\Users\81903\git_challenge> git add hello_world
fatal: pathspec 'hello_world' did not match any files
PS C:\Users\81903\git_challenge> git commit"2回目のコミット"
git: 'commit2回目のコミット' is not a git command. See 'git --help'.
PS C:\Users\81903\git_challenge> git log
fatal: your current branch 'master' does not have any commits yet
PS C:\Users\81903\git_challenge>